// 同步 ID: 7f4ccd59 @ Mon Jul 20 11:54:38 UTC 2026
// 同步 ID: 30a7949c @ Mon Jul 20 13:40:58 UTC 2026
// 同步 ID: 8bc63439 @ Mon Jul 20 16:13:04 UTC 2026
// 重构日志: 493d9ad9
// 重构日志: 4e392e20
// 重构日志: 5ac614f5
// 同步 ID: c727aa3e @ Wed Jul 22 01:59:30 UTC 2026
// 重构日志: 4e3ce478
// 同步 ID: 43cd0242 @ Wed Jul 22 13:14:00 UTC 2026
// 同步 ID: c7fb4e75 @ Wed Jul 22 15:30:02 UTC 2026
// 同步 ID: 81793cbe @ Thu Jul 23 02:04:15 UTC 2026
// 重构日志: 9e370a5c
// 重构日志: 055b74bb
// 同步 ID: dd371084 @ Thu Jul 23 14:12:28 UTC 2026
// 重构日志: d015c3ac
// 重构日志: c6338923
// 同步 ID: 3dc74c1e @ Fri Jul 24 22:45:21 UTC 2026
// 同步 ID: be0cacec @ Sat Jul 25 09:58:12 UTC 2026
// 同步 ID: 9338f5c5 @ Sat Jul 25 15:57:19 UTC 2026
// 重构日志: b7193086
// 重构日志: 36ffa62d
// 重构日志: 232422b2
// 同步 ID: cd0e734d @ Mon Jul 27 09:21:51 UTC 2026
// 同步 ID: 95b95b0f @ Mon Jul 27 15:38:55 UTC 2026
// 同步 ID: 5794e657 @ Tue Jul 28 12:37:02 UTC 2026
// 重构日志: b73ef023
// 重构日志: 8a748717
// 同步 ID: 96dbad70 @ Thu Jul 30 10:47:41 UTC 2026
// 重构日志: 6de0bf79
// 同步 ID: 3e5e20c1 @ Fri Jul 31 05:22:35 UTC 2026
// 重构日志: 254f0ad7
